../Drivers/STM32H5xx_HAL_Driver/Src/stm32h5xx_hal_dma_ex.c:4094:17:DMA_List_CheckNodesBaseAddresses	8	static
../Drivers/STM32H5xx_HAL_Driver/Src/stm32h5xx_hal_dma_ex.c:4137:17:DMA_List_CheckNodesTypes	0	static
../Drivers/STM32H5xx_HAL_Driver/Src/stm32h5xx_hal_dma_ex.c:4238:17:DMA_List_FindNode	28	static
../Drivers/STM32H5xx_HAL_Driver/Src/stm32h5xx_hal_dma_ex.c:4194:13:DMA_List_GetCLLRNodeInfo.isra	0	static
../Drivers/STM32H5xx_HAL_Driver/Src/stm32h5xx_hal_dma_ex.c:4630:13:DMA_List_UpdateStaticQueueNodesCLLR	32	static
../Drivers/STM32H5xx_HAL_Driver/Src/stm32h5xx_hal_dma_ex.c:4554:13:DMA_List_UpdateDynamicQueueNodesCLLR	40	static
../Drivers/STM32H5xx_HAL_Driver/Src/stm32h5xx_hal_dma_ex.c:604:19:HAL_DMAEx_List_Init	16	static
../Drivers/STM32H5xx_HAL_Driver/Src/stm32h5xx_hal_dma_ex.c:673:19:HAL_DMAEx_List_DeInit	16	static
../Drivers/STM32H5xx_HAL_Driver/Src/stm32h5xx_hal_dma_ex.c:817:19:HAL_DMAEx_List_Start	16	static
../Drivers/STM32H5xx_HAL_Driver/Src/stm32h5xx_hal_dma_ex.c:879:19:HAL_DMAEx_List_Start_IT	24	static
../Drivers/STM32H5xx_HAL_Driver/Src/stm32h5xx_hal_dma_ex.c:1047:19:HAL_DMAEx_List_BuildNode	20	static
../Drivers/STM32H5xx_HAL_Driver/Src/stm32h5xx_hal_dma_ex.c:1122:19:HAL_DMAEx_List_GetNodeConfig	8	static
../Drivers/STM32H5xx_HAL_Driver/Src/stm32h5xx_hal_dma_ex.c:1146:19:HAL_DMAEx_List_InsertNode	56	static
../Drivers/STM32H5xx_HAL_Driver/Src/stm32h5xx_hal_dma_ex.c:1276:19:HAL_DMAEx_List_InsertNode_Head	24	static
../Drivers/STM32H5xx_HAL_Driver/Src/stm32h5xx_hal_dma_ex.c:1355:19:HAL_DMAEx_List_InsertNode_Tail	56	static
../Drivers/STM32H5xx_HAL_Driver/Src/stm32h5xx_hal_dma_ex.c:1442:19:HAL_DMAEx_List_RemoveNode	48	static
../Drivers/STM32H5xx_HAL_Driver/Src/stm32h5xx_hal_dma_ex.c:1583:19:HAL_DMAEx_List_RemoveNode_Head	40	static
../Drivers/STM32H5xx_HAL_Driver/Src/stm32h5xx_hal_dma_ex.c:1680:19:HAL_DMAEx_List_RemoveNode_Tail	40	static
../Drivers/STM32H5xx_HAL_Driver/Src/stm32h5xx_hal_dma_ex.c:1775:19:HAL_DMAEx_List_ReplaceNode	64	static
../Drivers/STM32H5xx_HAL_Driver/Src/stm32h5xx_hal_dma_ex.c:1938:19:HAL_DMAEx_List_ReplaceNode_Head	48	static
../Drivers/STM32H5xx_HAL_Driver/Src/stm32h5xx_hal_dma_ex.c:2035:19:HAL_DMAEx_List_ReplaceNode_Tail	56	static
../Drivers/STM32H5xx_HAL_Driver/Src/stm32h5xx_hal_dma_ex.c:2126:19:HAL_DMAEx_List_ResetQ	32	static
../Drivers/STM32H5xx_HAL_Driver/Src/stm32h5xx_hal_dma_ex.c:2198:19:HAL_DMAEx_List_InsertQ	72	static
../Drivers/STM32H5xx_HAL_Driver/Src/stm32h5xx_hal_dma_ex.c:2406:19:HAL_DMAEx_List_InsertQ_Head	80	static
../Drivers/STM32H5xx_HAL_Driver/Src/stm32h5xx_hal_dma_ex.c:2543:19:HAL_DMAEx_List_InsertQ_Tail	80	static
../Drivers/STM32H5xx_HAL_Driver/Src/stm32h5xx_hal_dma_ex.c:2679:19:HAL_DMAEx_List_SetCircularModeConfig	48	static
../Drivers/STM32H5xx_HAL_Driver/Src/stm32h5xx_hal_dma_ex.c:2774:19:HAL_DMAEx_List_SetCircularMode	48	static
../Drivers/STM32H5xx_HAL_Driver/Src/stm32h5xx_hal_dma_ex.c:2857:19:HAL_DMAEx_List_ClearCircularMode	40	static
../Drivers/STM32H5xx_HAL_Driver/Src/stm32h5xx_hal_dma_ex.c:2928:19:HAL_DMAEx_List_ConvertQToDynamic	144	static
../Drivers/STM32H5xx_HAL_Driver/Src/stm32h5xx_hal_dma_ex.c:3030:19:HAL_DMAEx_List_ConvertQToStatic	128	static
../Drivers/STM32H5xx_HAL_Driver/Src/stm32h5xx_hal_dma_ex.c:3107:19:HAL_DMAEx_List_LinkQ	0	static
../Drivers/STM32H5xx_HAL_Driver/Src/stm32h5xx_hal_dma_ex.c:3188:19:HAL_DMAEx_List_UnLinkQ	0	static
../Drivers/STM32H5xx_HAL_Driver/Src/stm32h5xx_hal_dma_ex.c:3257:19:HAL_DMAEx_ConfigDataHandling	0	static
../Drivers/STM32H5xx_HAL_Driver/Src/stm32h5xx_hal_dma_ex.c:3297:19:HAL_DMAEx_ConfigTrigger	8	static
../Drivers/STM32H5xx_HAL_Driver/Src/stm32h5xx_hal_dma_ex.c:3342:19:HAL_DMAEx_ConfigRepeatBlock	8	static
../Drivers/STM32H5xx_HAL_Driver/Src/stm32h5xx_hal_dma_ex.c:3481:19:HAL_DMAEx_Suspend	16	static
../Drivers/STM32H5xx_HAL_Driver/Src/stm32h5xx_hal_dma_ex.c:3540:19:HAL_DMAEx_Suspend_IT	0	static
../Drivers/STM32H5xx_HAL_Driver/Src/stm32h5xx_hal_dma_ex.c:3574:19:HAL_DMAEx_Resume	0	static
../Drivers/STM32H5xx_HAL_Driver/Src/stm32h5xx_hal_dma_ex.c:3635:10:HAL_DMAEx_GetFifoLevel	0	static
