Archive member included to satisfy reference by file (symbol)

d:/aplicaciones/stm32cubeide_1.11.0/stm32cubeide/plugins/com.st.stm32cube.ide.mcu.externaltools.gnu-tools-for-stm32.10.3-2021.10.win32_1.0.200.202301161003/tools/bin/../lib/gcc/arm-none-eabi/10.3.1/../../../../arm-none-eabi/lib/thumb/v8-m.main+fp/hard\libc_nano.a(lib_a-errno.o)
                              ./Core/Src/syscalls.o (__errno)
d:/aplicaciones/stm32cubeide_1.11.0/stm32cubeide/plugins/com.st.stm32cube.ide.mcu.externaltools.gnu-tools-for-stm32.10.3-2021.10.win32_1.0.200.202301161003/tools/bin/../lib/gcc/arm-none-eabi/10.3.1/../../../../arm-none-eabi/lib/thumb/v8-m.main+fp/hard\libc_nano.a(lib_a-exit.o)
                              d:/aplicaciones/stm32cubeide_1.11.0/stm32cubeide/plugins/com.st.stm32cube.ide.mcu.externaltools.gnu-tools-for-stm32.10.3-2021.10.win32_1.0.200.202301161003/tools/bin/../lib/gcc/arm-none-eabi/10.3.1/../../../../arm-none-eabi/lib/thumb/v8-m.main+fp/hard/crt0.o (exit)
d:/aplicaciones/stm32cubeide_1.11.0/stm32cubeide/plugins/com.st.stm32cube.ide.mcu.externaltools.gnu-tools-for-stm32.10.3-2021.10.win32_1.0.200.202301161003/tools/bin/../lib/gcc/arm-none-eabi/10.3.1/../../../../arm-none-eabi/lib/thumb/v8-m.main+fp/hard\libc_nano.a(lib_a-impure.o)
                              d:/aplicaciones/stm32cubeide_1.11.0/stm32cubeide/plugins/com.st.stm32cube.ide.mcu.externaltools.gnu-tools-for-stm32.10.3-2021.10.win32_1.0.200.202301161003/tools/bin/../lib/gcc/arm-none-eabi/10.3.1/../../../../arm-none-eabi/lib/thumb/v8-m.main+fp/hard\libc_nano.a(lib_a-exit.o) (_global_impure_ptr)
d:/aplicaciones/stm32cubeide_1.11.0/stm32cubeide/plugins/com.st.stm32cube.ide.mcu.externaltools.gnu-tools-for-stm32.10.3-2021.10.win32_1.0.200.202301161003/tools/bin/../lib/gcc/arm-none-eabi/10.3.1/../../../../arm-none-eabi/lib/thumb/v8-m.main+fp/hard\libc_nano.a(lib_a-init.o)
                              d:/aplicaciones/stm32cubeide_1.11.0/stm32cubeide/plugins/com.st.stm32cube.ide.mcu.externaltools.gnu-tools-for-stm32.10.3-2021.10.win32_1.0.200.202301161003/tools/bin/../lib/gcc/arm-none-eabi/10.3.1/../../../../arm-none-eabi/lib/thumb/v8-m.main+fp/hard/crt0.o (__libc_init_array)
d:/aplicaciones/stm32cubeide_1.11.0/stm32cubeide/plugins/com.st.stm32cube.ide.mcu.externaltools.gnu-tools-for-stm32.10.3-2021.10.win32_1.0.200.202301161003/tools/bin/../lib/gcc/arm-none-eabi/10.3.1/../../../../arm-none-eabi/lib/thumb/v8-m.main+fp/hard\libc_nano.a(lib_a-memset.o)
                              d:/aplicaciones/stm32cubeide_1.11.0/stm32cubeide/plugins/com.st.stm32cube.ide.mcu.externaltools.gnu-tools-for-stm32.10.3-2021.10.win32_1.0.200.202301161003/tools/bin/../lib/gcc/arm-none-eabi/10.3.1/../../../../arm-none-eabi/lib/thumb/v8-m.main+fp/hard/crt0.o (memset)

Discarded input sections

 .text          0x0000000000000000        0x0 d:/aplicaciones/stm32cubeide_1.11.0/stm32cubeide/plugins/com.st.stm32cube.ide.mcu.externaltools.gnu-tools-for-stm32.10.3-2021.10.win32_1.0.200.202301161003/tools/bin/../lib/gcc/arm-none-eabi/10.3.1/thumb/v8-m.main+fp/hard/crti.o
 .data          0x0000000000000000        0x0 d:/aplicaciones/stm32cubeide_1.11.0/stm32cubeide/plugins/com.st.stm32cube.ide.mcu.externaltools.gnu-tools-for-stm32.10.3-2021.10.win32_1.0.200.202301161003/tools/bin/../lib/gcc/arm-none-eabi/10.3.1/thumb/v8-m.main+fp/hard/crti.o
 .bss           0x0000000000000000        0x0 d:/aplicaciones/stm32cubeide_1.11.0/stm32cubeide/plugins/com.st.stm32cube.ide.mcu.externaltools.gnu-tools-for-stm32.10.3-2021.10.win32_1.0.200.202301161003/tools/bin/../lib/gcc/arm-none-eabi/10.3.1/thumb/v8-m.main+fp/hard/crti.o
 .data          0x0000000000000000        0x4 d:/aplicaciones/stm32cubeide_1.11.0/stm32cubeide/plugins/com.st.stm32cube.ide.mcu.externaltools.gnu-tools-for-stm32.10.3-2021.10.win32_1.0.200.202301161003/tools/bin/../lib/gcc/arm-none-eabi/10.3.1/thumb/v8-m.main+fp/hard/crtbegin.o
 .rodata        0x0000000000000000       0x24 d:/aplicaciones/stm32cubeide_1.11.0/stm32cubeide/plugins/com.st.stm32cube.ide.mcu.externaltools.gnu-tools-for-stm32.10.3-2021.10.win32_1.0.200.202301161003/tools/bin/../lib/gcc/arm-none-eabi/10.3.1/thumb/v8-m.main+fp/hard/crtbegin.o
 .text          0x0000000000000000       0x7c d:/aplicaciones/stm32cubeide_1.11.0/stm32cubeide/plugins/com.st.stm32cube.ide.mcu.externaltools.gnu-tools-for-stm32.10.3-2021.10.win32_1.0.200.202301161003/tools/bin/../lib/gcc/arm-none-eabi/10.3.1/../../../../arm-none-eabi/lib/thumb/v8-m.main+fp/hard/crt0.o
 .data          0x0000000000000000        0x0 d:/aplicaciones/stm32cubeide_1.11.0/stm32cubeide/plugins/com.st.stm32cube.ide.mcu.externaltools.gnu-tools-for-stm32.10.3-2021.10.win32_1.0.200.202301161003/tools/bin/../lib/gcc/arm-none-eabi/10.3.1/../../../../arm-none-eabi/lib/thumb/v8-m.main+fp/hard/crt0.o
[...]
Memory Configuration

Name             Origin             Length             Attributes
RAM              0x0000000020000000 0x0000000000008000 xrw
FLASH            0x0000000008000000 0x0000000000020000 xr
*default*        0x0000000000000000 0xffffffffffffffff

Linker script and memory map

LOAD d:/aplicaciones/stm32cubeide_1.11.0/stm32cubeide/plugins/com.st.stm32cube.ide.mcu.externaltools.gnu-tools-for-stm32.10.3-2021.10.win32_1.0.200.202301161003/tools/bin/../lib/gcc/arm-none-eabi/10.3.1/thumb/v8-m.main+fp/hard/crti.o
LOAD d:/aplicaciones/stm32cubeide_1.11.0/stm32cubeide/plugins/com.st.stm32cube.ide.mcu.externaltools.gnu-tools-for-stm32.10.3-2021.10.win32_1.0.200.202301161003/tools/bin/../lib/gcc/arm-none-eabi/10.3.1/thumb/v8-m.main+fp/hard/crtbegin.o
LOAD d:/aplicaciones/stm32cubeide_1.11.0/stm32cubeide/plugins/com.st.stm32cube.ide.mcu.externaltools.gnu-tools-for-stm32.10.3-2021.10.win32_1.0.200.202301161003/tools/bin/../lib/gcc/arm-none-eabi/10.3.1/../../../../arm-none-eabi/lib/thumb/v8-m.main+fp/hard/crt0.o
LOAD ./Core/Src/main.o
LOAD ./Core/Src/stm32h5xx_hal_msp.o
LOAD ./Core/Src/stm32h5xx_it.o
LOAD ./Core/Src/syscalls.o
LOAD ./Core/Src/sysmem.o
LOAD ./Core/Src/system_stm32h5xx.o
LOAD ./Core/Startup/startup_stm32h503rbtx.o
LOAD ./Drivers/STM32H5xx_HAL_Driver/Src/stm32h5xx_hal.o
LOAD ./Drivers/STM32H5xx_HAL_Driver/Src/stm32h5xx_hal_cortex.o
LOAD ./Drivers/STM32H5xx_HAL_Driver/Src/stm32h5xx_hal_dma.o
LOAD ./Drivers/STM32H5xx_HAL_Driver/Src/stm32h5xx_hal_dma_ex.o
LOAD ./Drivers/STM32H5xx_HAL_Driver/Src/stm32h5xx_hal_exti.o
LOAD ./Drivers/STM32H5xx_HAL_Driver/Src/stm32h5xx_hal_flash.o
LOAD ./Drivers/STM32H5xx_HAL_Driver/Src/stm32h5xx_hal_flash_ex.o
LOAD ./Drivers/STM32H5xx_HAL_Driver/Src/stm32h5xx_hal_gpio.o
LOAD ./Drivers/STM32H5xx_HAL_Driver/Src/stm32h5xx_hal_pwr.o
LOAD ./Drivers/STM32H5xx_HAL_Driver/Src/stm32h5xx_hal_pwr_ex.o
LOAD ./Drivers/STM32H5xx_HAL_Driver/Src/stm32h5xx_hal_rcc.o
LOAD ./Drivers/STM32H5xx_HAL_Driver/Src/stm32h5xx_hal_rcc_ex.o
START GROUP
LOAD d:/aplicaciones/stm32cubeide_1.11.0/stm32cubeide/plugins/com.st.stm32cube.ide.mcu.externaltools.gnu-tools-for-stm32.10.3-2021.10.win32_1.0.200.202301161003/tools/bin/../lib/gcc/arm-none-eabi/10.3.1/../../../../arm-none-eabi/lib/thumb/v8-m.main+fp/hard\libc_nano.a
LOAD d:/aplicaciones/stm32cubeide_1.11.0/stm32cubeide/plugins/com.st.stm32cube.ide.mcu.externaltools.gnu-tools-for-stm32.10.3-2021.10.win32_1.0.200.202301161003/tools/bin/../lib/gcc/arm-none-eabi/10.3.1/../../../../arm-none-eabi/lib/thumb/v8-m.main+fp/hard\libm.a
END GROUP
START GROUP
LOAD d:/aplicaciones/stm32cubeide_1.11.0/stm32cubeide/plugins/com.st.stm32cube.ide.mcu.externaltools.gnu-tools-for-stm32.10.3-2021.10.win32_1.0.200.202301161003/tools/bin/../lib/gcc/arm-none-eabi/10.3.1/thumb/v8-m.main+fp/hard\libgcc.a
LOAD d:/aplicaciones/stm32cubeide_1.11.0/stm32cubeide/plugins/com.st.stm32cube.ide.mcu.externaltools.gnu-tools-for-stm32.10.3-2021.10.win32_1.0.200.202301161003/tools/bin/../lib/gcc/arm-none-eabi/10.3.1/../../../../arm-none-eabi/lib/thumb/v8-m.main+fp/hard\libc_nano.a
END GROUP
START GROUP
LOAD d:/aplicaciones/stm32cubeide_1.11.0/stm32cubeide/plugins/com.st.stm32cube.ide.mcu.externaltools.gnu-tools-for-stm32.10.3-2021.10.win32_1.0.200.202301161003/tools/bin/../lib/gcc/arm-none-eabi/10.3.1/thumb/v8-m.main+fp/hard\libgcc.a
LOAD d:/aplicaciones/stm32cubeide_1.11.0/stm32cubeide/plugins/com.st.stm32cube.ide.mcu.externaltools.gnu-tools-for-stm32.10.3-2021.10.win32_1.0.200.202301161003/tools/bin/../lib/gcc/arm-none-eabi/10.3.1/../../../../arm-none-eabi/lib/thumb/v8-m.main+fp/hard\libc_nano.a
LOAD d:/aplicaciones/stm32cubeide_1.11.0/stm32cubeide/plugins/com.st.stm32cube.ide.mcu.externaltools.gnu-tools-for-stm32.10.3-2021.10.win32_1.0.200.202301161003/tools/bin/../lib/gcc/arm-none-eabi/10.3.1/../../../../arm-none-eabi/lib/thumb/v8-m.main+fp/hard\libnosys.a
END GROUP
START GROUP
LOAD d:/aplicaciones/stm32cubeide_1.11.0/stm32cubeide/plugins/com.st.stm32cube.ide.mcu.externaltools.gnu-tools-for-stm32.10.3-2021.10.win32_1.0.200.202301161003/tools/bin/../lib/gcc/arm-none-eabi/10.3.1/thumb/v8-m.main+fp/hard\libgcc.a
LOAD d:/aplicaciones/stm32cubeide_1.11.0/stm32cubeide/plugins/com.st.stm32cube.ide.mcu.externaltools.gnu-tools-for-stm32.10.3-2021.10.win32_1.0.200.202301161003/tools/bin/../lib/gcc/arm-none-eabi/10.3.1/../../../../arm-none-eabi/lib/thumb/v8-m.main+fp/hard\libc_nano.a
LOAD d:/aplicaciones/stm32cubeide_1.11.0/stm32cubeide/plugins/com.st.stm32cube.ide.mcu.externaltools.gnu-tools-for-stm32.10.3-2021.10.win32_1.0.200.202301161003/tools/bin/../lib/gcc/arm-none-eabi/10.3.1/../../../../arm-none-eabi/lib/thumb/v8-m.main+fp/hard\libnosys.a
END GROUP
LOAD d:/aplicaciones/stm32cubeide_1.11.0/stm32cubeide/plugins/com.st.stm32cube.ide.mcu.externaltools.gnu-tools-for-stm32.10.3-2021.10.win32_1.0.200.202301161003/tools/bin/../lib/gcc/arm-none-eabi/10.3.1/thumb/v8-m.main+fp/hard/crtend.o
LOAD d:/aplicaciones/stm32cubeide_1.11.0/stm32cubeide/plugins/com.st.stm32cube.ide.mcu.externaltools.gnu-tools-for-stm32.10.3-2021.10.win32_1.0.200.202301161003/tools/bin/../lib/gcc/arm-none-eabi/10.3.1/thumb/v8-m.main+fp/hard/crtn.o
                0x0000000020008000                _estack = (ORIGIN (RAM) + LENGTH (RAM))
                0x0000000000000200                _Min_Heap_Size = 0x200
                0x0000000000000400                _Min_Stack_Size = 0x400

.isr_vector     0x0000000008000000      0x258
                0x0000000008000000                . = ALIGN (0x4)
 *(.isr_vector)
 .isr_vector    0x0000000008000000      0x258 ./Core/Startup/startup_stm32h503rbtx.o
                0x0000000008000000                g_pfnVectors
                0x0000000008000258                . = ALIGN (0x4)

.text           0x0000000008000258     0x18ac
                0x0000000008000258                . = ALIGN (0x4)
 *(.text)
 .text          0x0000000008000258       0x40 d:/aplicaciones/stm32cubeide_1.11.0/stm32cubeide/plugins/com.st.stm32cube.ide.mcu.externaltools.gnu-tools-for-stm32.10.3-2021.10.win32_1.0.200.202301161003/tools/bin/../lib/gcc/arm-none-eabi/10.3.1/thumb/v8-m.main+fp/hard/crtbegin.o
 *(.text*)
 .text.main     0x0000000008000298       0x2c ./Core/Src/main.o
                0x0000000008000298                main
 .text.SystemClock_Config
                0x00000000080002c4       0xb0 ./Core/Src/main.o
                0x00000000080002c4                SystemClock_Config
 .text.MX_GPIO_Init
                0x0000000008000374       0xfc ./Core/Src/main.o
 .text.Error_Handler
                0x0000000008000470        0xa ./Core/Src/main.o
                0x0000000008000470                Error_Handler
 .text.HAL_MspInit
                0x000000000800047a        0xe ./Core/Src/stm32h5xx_hal_msp.o
                0x000000000800047a                HAL_MspInit
 .text.NMI_Handler
                0x0000000008000488        0x6 ./Core/Src/stm32h5xx_it.o
                0x0000000008000488                NMI_Handler
 .text.HardFault_Handler
                0x000000000800048e        0x6 ./Core/Src/stm32h5xx_it.o
                0x000000000800048e                HardFault_Handler
 .text.MemManage_Handler
                0x0000000008000494        0x6 ./Core/Src/stm32h5xx_it.o
                0x0000000008000494                MemManage_Handler
 .text.BusFault_Handler
                0x000000000800049a        0x6 ./Core/Src/stm32h5xx_it.o
                0x000000000800049a                BusFault_Handler
 .text.UsageFault_Handler
                0x00000000080004a0        0x6 ./Core/Src/stm32h5xx_it.o
                0x00000000080004a0                UsageFault_Handler
 .text.SVC_Handler
                0x00000000080004a6        0xe ./Core/Src/stm32h5xx_it.o
                0x00000000080004a6                SVC_Handler
 .text.DebugMon_Handler
                0x00000000080004b4        0xe ./Core/Src/stm32h5xx_it.o
                0x00000000080004b4                DebugMon_Handler
 .text.PendSV_Handler
                0x00000000080004c2        0xe ./Core/Src/stm32h5xx_it.o
                0x00000000080004c2                PendSV_Handler
 .text.SysTick_Handler
                0x00000000080004d0        0xc ./Core/Src/stm32h5xx_it.o
                0x00000000080004d0                SysTick_Handler
 .text.SystemInit
                0x00000000080004dc       0xe4 ./Core/Src/system_stm32h5xx.o
                0x00000000080004dc                SystemInit
 .text.Reset_Handler
                0x00000000080005c0       0x50 ./Core/Startup/startup_stm32h503rbtx.o
                0x00000000080005c0                Reset_Handler
 .text.Default_Handler
                0x0000000008000610        0x2 ./Core/Startup/startup_stm32h503rbtx.o
                0x0000000008000610                EXTI2_IRQHandler
                0x0000000008000610                EXTI5_IRQHandler
                0x0000000008000610                I3C1_ER_IRQHandler
                0x0000000008000610                GPDMA2_Channel1_IRQHandler
                0x0000000008000610                EXTI13_IRQHandler
                0x0000000008000610                TIM1_CC_IRQHandler
                0x0000000008000610                GPDMA2_Channel3_IRQHandler
                0x0000000008000610                TAMP_IRQHandler
                0x0000000008000610                TIM6_IRQHandler
                0x0000000008000610                EXTI12_IRQHandler
                0x0000000008000610                USB_DRD_FS_IRQHandler
                0x0000000008000610                EXTI3_IRQHandler
                0x0000000008000610                GPDMA1_Channel5_IRQHandler
                0x0000000008000610                EXTI8_IRQHandler
                0x0000000008000610                GPDMA2_Channel5_IRQHandler
                0x0000000008000610                LPTIM2_IRQHandler
                0x0000000008000610                GPDMA2_Channel2_IRQHandler
                0x0000000008000610                EXTI0_IRQHandler
                0x0000000008000610                I2C2_EV_IRQHandler
                0x0000000008000610                FPU_IRQHandler
                0x0000000008000610                GPDMA1_Channel3_IRQHandler
                0x0000000008000610                GPDMA1_Channel7_IRQHandler
                0x0000000008000610                FDCAN1_IT1_IRQHandler
                0x0000000008000610                RAMCFG_IRQHandler
                0x0000000008000610                SPI1_IRQHandler
                0x0000000008000610                GPDMA1_Channel2_IRQHandler
                0x0000000008000610                ADC1_IRQHandler
                0x0000000008000610                I3C2_ER_IRQHandler
                0x0000000008000610                EXTI15_IRQHandler
                0x0000000008000610                USART3_IRQHandler
                0x0000000008000610                RTC_IRQHandler
                0x0000000008000610                EXTI9_IRQHandler
                0x0000000008000610                I3C2_EV_IRQHandler
                0x0000000008000610                I2C1_EV_IRQHandler
                0x0000000008000610                GPDMA1_Channel1_IRQHandler
                0x0000000008000610                TIM3_IRQHandler
                0x0000000008000610                RCC_IRQHandler
                0x0000000008000610                TIM1_TRG_COM_IRQHandler
                0x0000000008000610                Default_Handler
                0x0000000008000610                GPDMA2_Channel4_IRQHandler
                0x0000000008000610                TIM7_IRQHandler
                0x0000000008000610                GPDMA1_Channel0_IRQHandler
                0x0000000008000610                I3C1_EV_IRQHandler
                0x0000000008000610                PVD_AVD_IRQHandler
                0x0000000008000610                SPI2_IRQHandler
                0x0000000008000610                EXTI14_IRQHandler
                0x0000000008000610                EXTI11_IRQHandler
                0x0000000008000610                CRS_IRQHandler
                0x0000000008000610                EXTI4_IRQHandler
                0x0000000008000610                GPDMA2_Channel0_IRQHandler
                0x0000000008000610                RNG_IRQHandler
                0x0000000008000610                GPDMA2_Channel6_IRQHandler
                0x0000000008000610                TIM1_UP_IRQHandler
                0x0000000008000610                WWDG_IRQHandler
                0x0000000008000610                IWDG_IRQHandler
                0x0000000008000610                LPUART1_IRQHandler
                0x0000000008000610                FDCAN1_IT0_IRQHandler
                0x0000000008000610                TIM2_IRQHandler
                0x0000000008000610                GPDMA1_Channel4_IRQHandler
                0x0000000008000610                EXTI7_IRQHandler
                0x0000000008000610                TIM1_BRK_IRQHandler
                0x0000000008000610                EXTI1_IRQHandler
                0x0000000008000610                DAC1_IRQHandler
                0x0000000008000610                DTS_IRQHandler
                0x0000000008000610                GTZC_IRQHandler
                0x0000000008000610                USART2_IRQHandler
                0x0000000008000610                GPDMA1_Channel6_IRQHandler
                0x0000000008000610                GPDMA2_Channel7_IRQHandler
                0x0000000008000610                I2C2_ER_IRQHandler
                0x0000000008000610                FLASH_IRQHandler
                0x0000000008000610                USART1_IRQHandler
                0x0000000008000610                EXTI10_IRQHandler
                0x0000000008000610                SPI3_IRQHandler
                0x0000000008000610                I2C1_ER_IRQHandler
                0x0000000008000610                EXTI6_IRQHandler
                0x0000000008000610                COMP1_IRQHandler
                0x0000000008000610                LPTIM1_IRQHandler
                0x0000000008000610                ICACHE_IRQHandler
                0x0000000008000610                HASH_IRQHandler
 *fill*         0x0000000008000612        0x2 
 .text.HAL_Init
                0x0000000008000614       0x4c ./Drivers/STM32H5xx_HAL_Driver/Src/stm32h5xx_hal.o
                0x0000000008000614                HAL_Init
 .text.HAL_InitTick
                0x0000000008000660       0x6c ./Drivers/STM32H5xx_HAL_Driver/Src/stm32h5xx_hal.o
                0x0000000008000660                HAL_InitTick
 .text.HAL_IncTick
                0x00000000080006cc       0x28 ./Drivers/STM32H5xx_HAL_Driver/Src/stm32h5xx_hal.o
                0x00000000080006cc                HAL_IncTick
 .text.HAL_GetTick
                0x00000000080006f4       0x18 ./Drivers/STM32H5xx_HAL_Driver/Src/stm32h5xx_hal.o
                0x00000000080006f4                HAL_GetTick
 .text.HAL_Delay
                0x000000000800070c       0x48 ./Drivers/STM32H5xx_HAL_Driver/Src/stm32h5xx_hal.o
                0x000000000800070c                HAL_Delay
 .text.__NVIC_SetPriorityGrouping
                0x0000000008000754       0x48 ./Drivers/STM32H5xx_HAL_Driver/Src/stm32h5xx_hal_cortex.o
 .text.__NVIC_GetPriorityGrouping
                0x000000000800079c       0x1c ./Drivers/STM32H5xx_HAL_Driver/Src/stm32h5xx_hal_cortex.o
 .text.__NVIC_SetPriority
                0x00000000080007b8       0x54 ./Drivers/STM32H5xx_HAL_Driver/Src/stm32h5xx_hal_cortex.o
 .text.NVIC_EncodePriority
                0x000000000800080c       0x66 ./Drivers/STM32H5xx_HAL_Driver/Src/stm32h5xx_hal_cortex.o
 *fill*         0x0000000008000872        0x2 
 .text.SysTick_Config
                0x0000000008000874       0x44 ./Drivers/STM32H5xx_HAL_Driver/Src/stm32h5xx_hal_cortex.o
 .text.HAL_NVIC_SetPriorityGrouping
                0x00000000080008b8       0x16 ./Drivers/STM32H5xx_HAL_Driver/Src/stm32h5xx_hal_cortex.o
                0x00000000080008b8                HAL_NVIC_SetPriorityGrouping
 .text.HAL_NVIC_SetPriority
                0x00000000080008ce       0x34 ./Drivers/STM32H5xx_HAL_Driver/Src/stm32h5xx_hal_cortex.o
                0x00000000080008ce                HAL_NVIC_SetPriority
 .text.HAL_SYSTICK_Config
                0x0000000008000902       0x18 ./Drivers/STM32H5xx_HAL_Driver/Src/stm32h5xx_hal_cortex.o
                0x0000000008000902                HAL_SYSTICK_Config
 *fill*         0x000000000800091a        0x2 
 .text.HAL_GPIO_Init
                0x000000000800091c      0x2a4 ./Drivers/STM32H5xx_HAL_Driver/Src/stm32h5xx_hal_gpio.o
                0x000000000800091c                HAL_GPIO_Init
 .text.HAL_GPIO_WritePin
                0x0000000008000bc0       0x30 ./Drivers/STM32H5xx_HAL_Driver/Src/stm32h5xx_hal_gpio.o
                0x0000000008000bc0                HAL_GPIO_WritePin
 .text.HAL_GPIO_TogglePin
                0x0000000008000bf0       0x34 ./Drivers/STM32H5xx_HAL_Driver/Src/stm32h5xx_hal_gpio.o
                0x0000000008000bf0                HAL_GPIO_TogglePin
 .text.HAL_RCC_OscConfig
                0x0000000008000c24      0x870 ./Drivers/STM32H5xx_HAL_Driver/Src/stm32h5xx_hal_rcc.o
                0x0000000008000c24                HAL_RCC_OscConfig
 .text.HAL_RCC_ClockConfig
                0x0000000008001494      0x370 ./Drivers/STM32H5xx_HAL_Driver/Src/stm32h5xx_hal_rcc.o
                0x0000000008001494                HAL_RCC_ClockConfig
 .text.HAL_RCC_GetSysClockFreq
                0x0000000008001804      0x258 ./Drivers/STM32H5xx_HAL_Driver/Src/stm32h5xx_hal_rcc.o
                0x0000000008001804                HAL_RCC_GetSysClockFreq
 .text.HAL_RCC_GetHCLKFreq
                0x0000000008001a5c       0x38 ./Drivers/STM32H5xx_HAL_Driver/Src/stm32h5xx_hal_rcc.o
                0x0000000008001a5c                HAL_RCC_GetHCLKFreq
 .text.__libc_init_array
                0x0000000008001a94       0x48 d:/aplicaciones/stm32cubeide_1.11.0/stm32cubeide/plugins/com.st.stm32cube.ide.mcu.externaltools.gnu-tools-for-stm32.10.3-2021.10.win32_1.0.200.202301161003/tools/bin/../lib/gcc/arm-none-eabi/10.3.1/../../../../arm-none-eabi/lib/thumb/v8-m.main+fp/hard\libc_nano.a(lib_a-init.o)
                0x0000000008001a94                __libc_init_array
 .text.memset   0x0000000008001adc       0x10 d:/aplicaciones/stm32cubeide_1.11.0/stm32cubeide/plugins/com.st.stm32cube.ide.mcu.externaltools.gnu-tools-for-stm32.10.3-2021.10.win32_1.0.200.202301161003/tools/bin/../lib/gcc/arm-none-eabi/10.3.1/../../../../arm-none-eabi/lib/thumb/v8-m.main+fp/hard\libc_nano.a(lib_a-memset.o)
                0x0000000008001adc                memset
 *(.glue_7)
 .glue_7        0x0000000008001aec        0x0 linker stubs
 *(.glue_7t)
 .glue_7t       0x0000000008001aec        0x0 linker stubs
 *(.eh_frame)
 .eh_frame      0x0000000008001aec        0x0 d:/aplicaciones/stm32cubeide_1.11.0/stm32cubeide/plugins/com.st.stm32cube.ide.mcu.externaltools.gnu-tools-for-stm32.10.3-2021.10.win32_1.0.200.202301161003/tools/bin/../lib/gcc/arm-none-eabi/10.3.1/thumb/v8-m.main+fp/hard/crtbegin.o
 *(.init)
 .init          0x0000000008001aec        0x4 d:/aplicaciones/stm32cubeide_1.11.0/stm32cubeide/plugins/com.st.stm32cube.ide.mcu.externaltools.gnu-tools-for-stm32.10.3-2021.10.win32_1.0.200.202301161003/tools/bin/../lib/gcc/arm-none-eabi/10.3.1/thumb/v8-m.main+fp/hard/crti.o
                0x0000000008001aec                _init
 .init          0x0000000008001af0        0x8 d:/aplicaciones/stm32cubeide_1.11.0/stm32cubeide/plugins/com.st.stm32cube.ide.mcu.externaltools.gnu-tools-for-stm32.10.3-2021.10.win32_1.0.200.202301161003/tools/bin/../lib/gcc/arm-none-eabi/10.3.1/thumb/v8-m.main+fp/hard/crtn.o
 *(.fini)
 .fini          0x0000000008001af8        0x4 d:/aplicaciones/stm32cubeide_1.11.0/stm32cubeide/plugins/com.st.stm32cube.ide.mcu.externaltools.gnu-tools-for-stm32.10.3-2021.10.win32_1.0.200.202301161003/tools/bin/../lib/gcc/arm-none-eabi/10.3.1/thumb/v8-m.main+fp/hard/crti.o
                0x0000000008001af8                _fini
 .fini          0x0000000008001afc        0x8 d:/aplicaciones/stm32cubeide_1.11.0/stm32cubeide/plugins/com.st.stm32cube.ide.mcu.externaltools.gnu-tools-for-stm32.10.3-2021.10.win32_1.0.200.202301161003/tools/bin/../lib/gcc/arm-none-eabi/10.3.1/thumb/v8-m.main+fp/hard/crtn.o
                0x0000000008001b04                . = ALIGN (0x4)
                0x0000000008001b04                _etext = .

.vfp11_veneer   0x0000000008001b04        0x0
 .vfp11_veneer  0x0000000008001b04        0x0 linker stubs

.v4_bx          0x0000000008001b04        0x0
 .v4_bx         0x0000000008001b04        0x0 linker stubs

.iplt           0x0000000008001b04        0x0
 .iplt          0x0000000008001b04        0x0 d:/aplicaciones/stm32cubeide_1.11.0/stm32cubeide/plugins/com.st.stm32cube.ide.mcu.externaltools.gnu-tools-for-stm32.10.3-2021.10.win32_1.0.200.202301161003/tools/bin/../lib/gcc/arm-none-eabi/10.3.1/thumb/v8-m.main+fp/hard/crtbegin.o

.rodata         0x0000000008001b04       0x10
                0x0000000008001b04                . = ALIGN (0x4)
 *(.rodata)
 *(.rodata*)
 .rodata.AHBPrescTable
                0x0000000008001b04       0x10 ./Core/Src/system_stm32h5xx.o
                0x0000000008001b04                AHBPrescTable
                0x0000000008001b14                . = ALIGN (0x4)

.rel.dyn        0x0000000008001b14        0x0
 .rel.iplt      0x0000000008001b14        0x0 d:/aplicaciones/stm32cubeide_1.11.0/stm32cubeide/plugins/com.st.stm32cube.ide.mcu.externaltools.gnu-tools-for-stm32.10.3-2021.10.win32_1.0.200.202301161003/tools/bin/../lib/gcc/arm-none-eabi/10.3.1/thumb/v8-m.main+fp/hard/crtbegin.o

.ARM.extab      0x0000000008001b14        0x0
                0x0000000008001b14                . = ALIGN (0x4)
 *(.ARM.extab* .gnu.linkonce.armextab.*)
                0x0000000008001b14                . = ALIGN (0x4)

.ARM            0x0000000008001b14        0x0
                0x0000000008001b14                . = ALIGN (0x4)
                0x0000000008001b14                __exidx_start = .
 *(.ARM.exidx*)
                0x0000000008001b14                __exidx_end = .
                0x0000000008001b14                . = ALIGN (0x4)

.preinit_array  0x0000000008001b14        0x0
                0x0000000008001b14                . = ALIGN (0x4)
                0x0000000008001b14                PROVIDE (__preinit_array_start = .)
 *(.preinit_array*)
                0x0000000008001b14                PROVIDE (__preinit_array_end = .)
                0x0000000008001b14                . = ALIGN (0x4)

.init_array     0x0000000008001b14        0x4
                0x0000000008001b14                . = ALIGN (0x4)
                0x0000000008001b14                PROVIDE (__init_array_start = .)
 *(SORT_BY_NAME(.init_array.*))
 *(.init_array*)
 .init_array    0x0000000008001b14        0x4 d:/aplicaciones/stm32cubeide_1.11.0/stm32cubeide/plugins/com.st.stm32cube.ide.mcu.externaltools.gnu-tools-for-stm32.10.3-2021.10.win32_1.0.200.202301161003/tools/bin/../lib/gcc/arm-none-eabi/10.3.1/thumb/v8-m.main+fp/hard/crtbegin.o
                0x0000000008001b18                PROVIDE (__init_array_end = .)
                0x0000000008001b18                . = ALIGN (0x4)

.fini_array     0x0000000008001b18        0x4
                0x0000000008001b18                . = ALIGN (0x4)
                [!provide]                        PROVIDE (__fini_array_start = .)
 *(SORT_BY_NAME(.fini_array.*))
 *(.fini_array*)
 .fini_array    0x0000000008001b18        0x4 d:/aplicaciones/stm32cubeide_1.11.0/stm32cubeide/plugins/com.st.stm32cube.ide.mcu.externaltools.gnu-tools-for-stm32.10.3-2021.10.win32_1.0.200.202301161003/tools/bin/../lib/gcc/arm-none-eabi/10.3.1/thumb/v8-m.main+fp/hard/crtbegin.o
                [!provide]                        PROVIDE (__fini_array_end = .)
                0x0000000008001b1c                . = ALIGN (0x4)
                0x0000000008001b1c                _sidata = LOADADDR (.data)

.data           0x0000000020000000        0xc load address 0x0000000008001b1c
                0x0000000020000000                . = ALIGN (0x4)
                0x0000000020000000                _sdata = .
 *(.data)
 *(.data*)
 .data.SystemCoreClock
                0x0000000020000000        0x4 ./Core/Src/system_stm32h5xx.o
                0x0000000020000000                SystemCoreClock
 .data.uwTickPrio
                0x0000000020000004        0x4 ./Drivers/STM32H5xx_HAL_Driver/Src/stm32h5xx_hal.o
                0x0000000020000004                uwTickPrio
 .data.uwTickFreq
                0x0000000020000008        0x1 ./Drivers/STM32H5xx_HAL_Driver/Src/stm32h5xx_hal.o
                0x0000000020000008                uwTickFreq
 *(.RamFunc)
 *(.RamFunc*)
                0x000000002000000c                . = ALIGN (0x4)
 *fill*         0x0000000020000009        0x3 
                0x000000002000000c                _edata = .

.igot.plt       0x000000002000000c        0x0 load address 0x0000000008001b28
 .igot.plt      0x000000002000000c        0x0 d:/aplicaciones/stm32cubeide_1.11.0/stm32cubeide/plugins/com.st.stm32cube.ide.mcu.externaltools.gnu-tools-for-stm32.10.3-2021.10.win32_1.0.200.202301161003/tools/bin/../lib/gcc/arm-none-eabi/10.3.1/thumb/v8-m.main+fp/hard/crtbegin.o
                0x000000002000000c                . = ALIGN (0x4)

.bss            0x000000002000000c       0x20 load address 0x0000000008001b28
                0x000000002000000c                _sbss = .
                0x000000002000000c                __bss_start__ = _sbss
 *(.bss)
 .bss           0x000000002000000c       0x1c d:/aplicaciones/stm32cubeide_1.11.0/stm32cubeide/plugins/com.st.stm32cube.ide.mcu.externaltools.gnu-tools-for-stm32.10.3-2021.10.win32_1.0.200.202301161003/tools/bin/../lib/gcc/arm-none-eabi/10.3.1/thumb/v8-m.main+fp/hard/crtbegin.o
 *(.bss*)
 .bss.uwTick    0x0000000020000028        0x4 ./Drivers/STM32H5xx_HAL_Driver/Src/stm32h5xx_hal.o
                0x0000000020000028                uwTick
 *(COMMON)
                0x000000002000002c                . = ALIGN (0x4)
                0x000000002000002c                _ebss = .
                0x000000002000002c                __bss_end__ = _ebss

._user_heap_stack
                0x000000002000002c      0x604 load address 0x0000000008001b28
                0x0000000020000030                . = ALIGN (0x8)
 *fill*         0x000000002000002c        0x4 
                [!provide]                        PROVIDE (end = .)
                0x0000000020000030                PROVIDE (_end = .)
                0x0000000020000230                . = (. + _Min_Heap_Size)
 *fill*         0x0000000020000030      0x200 
                0x0000000020000630                . = (. + _Min_Stack_Size)
 *fill*         0x0000000020000230      0x400 
                0x0000000020000630                . = ALIGN (0x8)

/DISCARD/
 libc.a(*)
 libm.a(*)
 libgcc.a(*)

.ARM.attributes
                0x0000000000000000       0x36
 *(.ARM.attributes)
 .ARM.attributes
                0x0000000000000000       0x22 d:/aplicaciones/stm32cubeide_1.11.0/stm32cubeide/plugins/com.st.stm32cube.ide.mcu.externaltools.gnu-tools-for-stm32.10.3-2021.10.win32_1.0.200.202301161003/tools/bin/../lib/gcc/arm-none-eabi/10.3.1/thumb/v8-m.main+fp/hard/crti.o
 .ARM.attributes
                0x0000000000000022       0x38 d:/aplicaciones/stm32cubeide_1.11.0/stm32cubeide/plugins/com.st.stm32cube.ide.mcu.externaltools.gnu-tools-for-stm32.10.3-2021.10.win32_1.0.200.202301161003/tools/bin/../lib/gcc/arm-none-eabi/10.3.1/thumb/v8-m.main+fp/hard/crtbegin.o
 .ARM.attributes
                0x000000000000005a       0x3a ./Core/Src/main.o
 .ARM.attributes
                0x0000000000000094       0x3a ./Core/Src/stm32h5xx_hal_msp.o
 .ARM.attributes
                0x00000000000000ce       0x3a ./Core/Src/stm32h5xx_it.o
 .ARM.attributes
                0x0000000000000108       0x3a ./Core/Src/system_stm32h5xx.o
 .ARM.attributes
                0x0000000000000142       0x24 ./Core/Startup/startup_stm32h503rbtx.o
 .ARM.attributes
                0x0000000000000166       0x3a ./Drivers/STM32H5xx_HAL_Driver/Src/stm32h5xx_hal.o
 .ARM.attributes
                0x00000000000001a0       0x3a ./Drivers/STM32H5xx_HAL_Driver/Src/stm32h5xx_hal_cortex.o
 .ARM.attributes
                0x00000000000001da       0x3a ./Drivers/STM32H5xx_HAL_Driver/Src/stm32h5xx_hal_gpio.o
 .ARM.attributes
                0x0000000000000214       0x3a ./Drivers/STM32H5xx_HAL_Driver/Src/stm32h5xx_hal_rcc.o
 .ARM.attributes
                0x000000000000024e       0x38 d:/aplicaciones/stm32cubeide_1.11.0/stm32cubeide/plugins/com.st.stm32cube.ide.mcu.externaltools.gnu-tools-for-stm32.10.3-2021.10.win32_1.0.200.202301161003/tools/bin/../lib/gcc/arm-none-eabi/10.3.1/../../../../arm-none-eabi/lib/thumb/v8-m.main+fp/hard\libc_nano.a(lib_a-init.o)
 .ARM.attributes
                0x0000000000000286       0x38 d:/aplicaciones/stm32cubeide_1.11.0/stm32cubeide/plugins/com.st.stm32cube.ide.mcu.externaltools.gnu-tools-for-stm32.10.3-2021.10.win32_1.0.200.202301161003/tools/bin/../lib/gcc/arm-none-eabi/10.3.1/../../../../arm-none-eabi/lib/thumb/v8-m.main+fp/hard\libc_nano.a(lib_a-memset.o)
 .ARM.attributes
                0x00000000000002be       0x22 d:/aplicaciones/stm32cubeide_1.11.0/stm32cubeide/plugins/com.st.stm32cube.ide.mcu.externaltools.gnu-tools-for-stm32.10.3-2021.10.win32_1.0.200.202301161003/tools/bin/../lib/gcc/arm-none-eabi/10.3.1/thumb/v8-m.main+fp/hard/crtn.o
OUTPUT(TERRENA_BLINK.elf elf32-littlearm)
LOAD linker stubs
LOAD d:/aplicaciones/stm32cubeide_1.11.0/stm32cubeide/plugins/com.st.stm32cube.ide.mcu.externaltools.gnu-tools-for-stm32.10.3-2021.10.win32_1.0.200.202301161003/tools/bin/../lib/gcc/arm-none-eabi/10.3.1/../../../../arm-none-eabi/lib/thumb/v8-m.main+fp/hard\libc.a
LOAD d:/aplicaciones/stm32cubeide_1.11.0/stm32cubeide/plugins/com.st.stm32cube.ide.mcu.externaltools.gnu-tools-for-stm32.10.3-2021.10.win32_1.0.200.202301161003/tools/bin/../lib/gcc/arm-none-eabi/10.3.1/../../../../arm-none-eabi/lib/thumb/v8-m.main+fp/hard\libm.a
LOAD d:/aplicaciones/stm32cubeide_1.11.0/stm32cubeide/plugins/com.st.stm32cube.ide.mcu.externaltools.gnu-tools-for-stm32.10.3-2021.10.win32_1.0.200.202301161003/tools/bin/../lib/gcc/arm-none-eabi/10.3.1/thumb/v8-m.main+fp/hard\libgcc.a

.debug_info     0x0000000000000000     0x55a8
 .debug_info    0x0000000000000000      0xacc ./Core/Src/main.o
 .debug_info    0x0000000000000acc       0x9e ./Core/Src/stm32h5xx_hal_msp.o
 .debug_info    0x0000000000000b6a      0x137 ./Core/Src/stm32h5xx_it.o
 .debug_info    0x0000000000000ca1      0xbd4 ./Core/Src/system_stm32h5xx.o
 .debug_info    0x0000000000001875       0x22 ./Core/Startup/startup_stm32h503rbtx.o
 .debug_info    0x0000000000001897     0x104f ./Drivers/STM32H5xx_HAL_Driver/Src/stm32h5xx_hal.o
 .debug_info    0x00000000000028e6     0x14a7 ./Drivers/STM32H5xx_HAL_Driver/Src/stm32h5xx_hal_cortex.o
 .debug_info    0x0000000000003d8d      0x734 ./Drivers/STM32H5xx_HAL_Driver/Src/stm32h5xx_hal_gpio.o
 .debug_info    0x00000000000044c1     0x10e7 ./Drivers/STM32H5xx_HAL_Driver/Src/stm32h5xx_hal_rcc.o

.debug_abbrev   0x0000000000000000      0xdf2
 .debug_abbrev  0x0000000000000000      0x20f ./Core/Src/main.o
 .debug_abbrev  0x000000000000020f       0x47 ./Core/Src/stm32h5xx_hal_msp.o
 .debug_abbrev  0x0000000000000256       0x74 ./Core/Src/stm32h5xx_it.o
 .debug_abbrev  0x00000000000002ca      0x138 ./Core/Src/system_stm32h5xx.o
 .debug_abbrev  0x0000000000000402       0x12 ./Core/Startup/startup_stm32h503rbtx.o
 .debug_abbrev  0x0000000000000414      0x28e ./Drivers/STM32H5xx_HAL_Driver/Src/stm32h5xx_hal.o
 .debug_abbrev  0x00000000000006a2      0x303 ./Drivers/STM32H5xx_HAL_Driver/Src/stm32h5xx_hal_cortex.o
 .debug_abbrev  0x00000000000009a5      0x1ca ./Drivers/STM32H5xx_HAL_Driver/Src/stm32h5xx_hal_gpio.o
 .debug_abbrev  0x0000000000000b6f      0x283 ./Drivers/STM32H5xx_HAL_Driver/Src/stm32h5xx_hal_rcc.o

.debug_aranges  0x0000000000000000      0x4c8
 .debug_aranges
                0x0000000000000000       0x38 ./Core/Src/main.o
 .debug_aranges
                0x0000000000000038       0x20 ./Core/Src/stm32h5xx_hal_msp.o
 .debug_aranges
                0x0000000000000058       0x60 ./Core/Src/stm32h5xx_it.o
 .debug_aranges
                0x00000000000000b8       0x28 ./Core/Src/system_stm32h5xx.o
 .debug_aranges
                0x00000000000000e0       0x28 ./Core/Startup/startup_stm32h503rbtx.o
 .debug_aranges
                0x0000000000000108      0x178 ./Drivers/STM32H5xx_HAL_Driver/Src/stm32h5xx_hal.o
 .debug_aranges
                0x0000000000000280      0x130 ./Drivers/STM32H5xx_HAL_Driver/Src/stm32h5xx_hal_cortex.o
 .debug_aranges
                0x00000000000003b0       0x78 ./Drivers/STM32H5xx_HAL_Driver/Src/stm32h5xx_hal_gpio.o
 .debug_aranges
                0x0000000000000428       0xa0 ./Drivers/STM32H5xx_HAL_Driver/Src/stm32h5xx_hal_rcc.o

.debug_ranges   0x0000000000000000      0x440
 .debug_ranges  0x0000000000000000       0x28 ./Core/Src/main.o
 .debug_ranges  0x0000000000000028       0x10 ./Core/Src/stm32h5xx_hal_msp.o
 .debug_ranges  0x0000000000000038       0x50 ./Core/Src/stm32h5xx_it.o
 .debug_ranges  0x0000000000000088       0x18 ./Core/Src/system_stm32h5xx.o
 .debug_ranges  0x00000000000000a0       0x20 ./Core/Startup/startup_stm32h503rbtx.o
 .debug_ranges  0x00000000000000c0      0x168 ./Drivers/STM32H5xx_HAL_Driver/Src/stm32h5xx_hal.o
 .debug_ranges  0x0000000000000228      0x120 ./Drivers/STM32H5xx_HAL_Driver/Src/stm32h5xx_hal_cortex.o
 .debug_ranges  0x0000000000000348       0x68 ./Drivers/STM32H5xx_HAL_Driver/Src/stm32h5xx_hal_gpio.o
 .debug_ranges  0x00000000000003b0       0x90 ./Drivers/STM32H5xx_HAL_Driver/Src/stm32h5xx_hal_rcc.o

.debug_macro    0x0000000000000000    0x1e27d
 .debug_macro   0x0000000000000000      0x24f ./Core/Src/main.o
 .debug_macro   0x000000000000024f      0xa7e ./Core/Src/main.o
 .debug_macro   0x0000000000000ccd      0x1be ./Core/Src/main.o
 .debug_macro   0x0000000000000e8b       0x22 ./Core/Src/main.o
 .debug_macro   0x0000000000000ead       0x4c ./Core/Src/main.o
 .debug_macro   0x0000000000000ef9       0x1e ./Core/Src/main.o
 .debug_macro   0x0000000000000f17       0x94 ./Core/Src/main.o
 .debug_macro   0x0000000000000fab       0x3c ./Core/Src/main.o
 .debug_macro   0x0000000000000fe7       0x34 ./Core/Src/main.o
 .debug_macro   0x000000000000101b      0x174 ./Core/Src/main.o
 .debug_macro   0x000000000000118f       0x16 ./Core/Src/main.o
 .debug_macro   0x00000000000011a5       0x43 ./Core/Src/main.o
 .debug_macro   0x00000000000011e8       0x57 ./Core/Src/main.o
 .debug_macro   0x000000000000123f       0x34 ./Core/Src/main.o
 .debug_macro   0x0000000000001273       0x10 ./Core/Src/main.o
 .debug_macro   0x0000000000001283       0x58 ./Core/Src/main.o
 .debug_macro   0x00000000000012db       0x71 ./Core/Src/main.o
 .debug_macro   0x000000000000134c       0x1c ./Core/Src/main.o
 .debug_macro   0x0000000000001368      0x12a ./Core/Src/main.o
 .debug_macro   0x0000000000001492      0x341 ./Core/Src/main.o
 .debug_macro   0x00000000000017d3      0x19b ./Core/Src/main.o
 .debug_macro   0x000000000000196e       0x28 ./Core/Src/main.o
 .debug_macro   0x0000000000001996       0x42 ./Core/Src/main.o
 .debug_macro   0x00000000000019d8      0x103 ./Core/Src/main.o
 .debug_macro   0x0000000000001adb       0x6a ./Core/Src/main.o
 .debug_macro   0x0000000000001b45      0x1df ./Core/Src/main.o
 .debug_macro   0x0000000000001d24       0x1c ./Core/Src/main.o
 .debug_macro   0x0000000000001d40       0x29 ./Core/Src/main.o
 .debug_macro   0x0000000000001d69       0xfb ./Core/Src/main.o
 .debug_macro   0x0000000000001e64     0x1336 ./Core/Src/main.o
 .debug_macro   0x000000000000319a       0x5e ./Core/Src/main.o
 .debug_macro   0x00000000000031f8    0x12b44 ./Core/Src/main.o
 .debug_macro   0x0000000000015d3c       0x6d ./Core/Src/main.o
 .debug_macro   0x0000000000015da9     0x387c ./Core/Src/main.o
 .debug_macro   0x0000000000019625       0x63 ./Core/Src/main.o
 .debug_macro   0x0000000000019688     0x146a ./Core/Src/main.o
 .debug_macro   0x000000000001aaf2      0x75e ./Core/Src/main.o
 .debug_macro   0x000000000001b250      0x15f ./Core/Src/main.o
 .debug_macro   0x000000000001b3af      0x1a6 ./Core/Src/main.o
 .debug_macro   0x000000000001b555      0x527 ./Core/Src/main.o
 .debug_macro   0x000000000001ba7c      0x40f ./Core/Src/main.o
 .debug_macro   0x000000000001be8b       0xd6 ./Core/Src/main.o
 .debug_macro   0x000000000001bf61      0x1ce ./Core/Src/main.o
 .debug_macro   0x000000000001c12f      0x1c3 ./Core/Src/main.o
 .debug_macro   0x000000000001c2f2      0x4c5 ./Core/Src/main.o
 .debug_macro   0x000000000001c7b7       0x58 ./Core/Src/main.o
 .debug_macro   0x000000000001c80f      0x272 ./Core/Src/main.o
 .debug_macro   0x000000000001ca81      0x1a6 ./Core/Src/main.o
 .debug_macro   0x000000000001cc27      0x299 ./Core/Src/main.o
 .debug_macro   0x000000000001cec0      0x31f ./Core/Src/main.o
 .debug_macro   0x000000000001d1df      0x24f ./Core/Src/stm32h5xx_hal_msp.o
 .debug_macro   0x000000000001d42e      0x259 ./Core/Src/stm32h5xx_it.o
 .debug_macro   0x000000000001d687      0x24c ./Core/Src/system_stm32h5xx.o
 .debug_macro   0x000000000001d8d3      0x263 ./Drivers/STM32H5xx_HAL_Driver/Src/stm32h5xx_hal.o
 .debug_macro   0x000000000001db36      0x245 ./Drivers/STM32H5xx_HAL_Driver/Src/stm32h5xx_hal_cortex.o
 .debug_macro   0x000000000001dd7b      0x27b ./Drivers/STM32H5xx_HAL_Driver/Src/stm32h5xx_hal_gpio.o
 .debug_macro   0x000000000001dff6      0x287 ./Drivers/STM32H5xx_HAL_Driver/Src/stm32h5xx_hal_rcc.o

.debug_line     0x0000000000000000     0x5acb
 .debug_line    0x0000000000000000      0x893 ./Core/Src/main.o
 .debug_line    0x0000000000000893      0x7bf ./Core/Src/stm32h5xx_hal_msp.o
 .debug_line    0x0000000000001052      0x886 ./Core/Src/stm32h5xx_it.o
 .debug_line    0x00000000000018d8      0x924 ./Core/Src/system_stm32h5xx.o
 .debug_line    0x00000000000021fc       0x85 ./Core/Startup/startup_stm32h503rbtx.o
 .debug_line    0x0000000000002281      0xcbf ./Drivers/STM32H5xx_HAL_Driver/Src/stm32h5xx_hal.o
 .debug_line    0x0000000000002f40      0xdcb ./Drivers/STM32H5xx_HAL_Driver/Src/stm32h5xx_hal_cortex.o
 .debug_line    0x0000000000003d0b      0xba4 ./Drivers/STM32H5xx_HAL_Driver/Src/stm32h5xx_hal_gpio.o
 .debug_line    0x00000000000048af     0x121c ./Drivers/STM32H5xx_HAL_Driver/Src/stm32h5xx_hal_rcc.o

.debug_str      0x0000000000000000    0xbcfa4
 .debug_str     0x0000000000000000    0xbb58a ./Core/Src/main.o
                                      0xbb89f (size before relaxing)
 .debug_str     0x00000000000bb58a       0x2c ./Core/Src/stm32h5xx_hal_msp.o
                                      0xbb315 (size before relaxing)
 .debug_str     0x00000000000bb5b6       0xc9 ./Core/Src/stm32h5xx_it.o
                                      0xbb3b2 (size before relaxing)
 .debug_str     0x00000000000bb67f      0x2e2 ./Core/Src/system_stm32h5xx.o
                                      0xbb80e (size before relaxing)
 .debug_str     0x00000000000bb961       0x36 ./Core/Startup/startup_stm32h503rbtx.o
                                         0x79 (size before relaxing)
 .debug_str     0x00000000000bb997      0xbe6 ./Drivers/STM32H5xx_HAL_Driver/Src/stm32h5xx_hal.o
                                      0xbc25c (size before relaxing)
 .debug_str     0x00000000000bc57d      0x3da ./Drivers/STM32H5xx_HAL_Driver/Src/stm32h5xx_hal_cortex.o
                                      0xbc087 (size before relaxing)
 .debug_str     0x00000000000bc957      0x2c3 ./Drivers/STM32H5xx_HAL_Driver/Src/stm32h5xx_hal_gpio.o
                                      0xbb6fb (size before relaxing)
 .debug_str     0x00000000000bcc1a      0x38a ./Drivers/STM32H5xx_HAL_Driver/Src/stm32h5xx_hal_rcc.o
                                      0xbbd5f (size before relaxing)

.comment        0x0000000000000000       0x50
 .comment       0x0000000000000000       0x50 ./Core/Src/main.o
                                         0x51 (size before relaxing)
 .comment       0x0000000000000050       0x51 ./Core/Src/stm32h5xx_hal_msp.o
 .comment       0x0000000000000050       0x51 ./Core/Src/stm32h5xx_it.o
 .comment       0x0000000000000050       0x51 ./Core/Src/system_stm32h5xx.o
 .comment       0x0000000000000050       0x51 ./Drivers/STM32H5xx_HAL_Driver/Src/stm32h5xx_hal.o
 .comment       0x0000000000000050       0x51 ./Drivers/STM32H5xx_HAL_Driver/Src/stm32h5xx_hal_cortex.o
 .comment       0x0000000000000050       0x51 ./Drivers/STM32H5xx_HAL_Driver/Src/stm32h5xx_hal_gpio.o
 .comment       0x0000000000000050       0x51 ./Drivers/STM32H5xx_HAL_Driver/Src/stm32h5xx_hal_rcc.o

.debug_frame    0x0000000000000000     0x1188
 .debug_frame   0x0000000000000000       0x8c ./Core/Src/main.o
 .debug_frame   0x000000000000008c       0x30 ./Core/Src/stm32h5xx_hal_msp.o
 .debug_frame   0x00000000000000bc      0x104 ./Core/Src/stm32h5xx_it.o
 .debug_frame   0x00000000000001c0       0x60 ./Core/Src/system_stm32h5xx.o
 .debug_frame   0x0000000000000220      0x5c4 ./Drivers/STM32H5xx_HAL_Driver/Src/stm32h5xx_hal.o
 .debug_frame   0x00000000000007e4      0x508 ./Drivers/STM32H5xx_HAL_Driver/Src/stm32h5xx_hal_cortex.o
 .debug_frame   0x0000000000000cec      0x1ec ./Drivers/STM32H5xx_HAL_Driver/Src/stm32h5xx_hal_gpio.o
 .debug_frame   0x0000000000000ed8      0x264 ./Drivers/STM32H5xx_HAL_Driver/Src/stm32h5xx_hal_rcc.o
 .debug_frame   0x000000000000113c       0x2c d:/aplicaciones/stm32cubeide_1.11.0/stm32cubeide/plugins/com.st.stm32cube.ide.mcu.externaltools.gnu-tools-for-stm32.10.3-2021.10.win32_1.0.200.202301161003/tools/bin/../lib/gcc/arm-none-eabi/10.3.1/../../../../arm-none-eabi/lib/thumb/v8-m.main+fp/hard\libc_nano.a(lib_a-init.o)
 .debug_frame   0x0000000000001168       0x20 d:/aplicaciones/stm32cubeide_1.11.0/stm32cubeide/plugins/com.st.stm32cube.ide.mcu.externaltools.gnu-tools-for-stm32.10.3-2021.10.win32_1.0.200.202301161003/tools/bin/../lib/gcc/arm-none-eabi/10.3.1/../../../../arm-none-eabi/lib/thumb/v8-m.main+fp/hard\libc_nano.a(lib_a-memset.o)
