../Core/Src/main.c:93:5:main	8	static
../Core/Src/main.c:156:6:SystemClock_Config	88	static
../Core/Src/main.c:198:6:Init_Seq	24	static
../Core/Src/main.c:211:6:TARVOS3_Init	24	static
../Core/Src/main.c:218:6:TARVOS3_Transmit	8	static
../Core/Src/main.c:223:6:TARVOS3_Receive	8	static
../Core/Src/main.c:228:6:f2BCD	24	static
../Core/Src/main.c:248:6:HAL_UART_RxCpltCallback	16	static
../Core/Src/main.c:272:6:HAL_UART_TxCpltCallback	16	static
../Core/Src/main.c:287:6:HAL_TIM_PeriodElapsedCallback	16	static
../Core/Src/main.c:304:6:Error_Handler	4	static,ignoring_inline_asm
